test_01_profile_validates_and_keeps_legacy_inner_budget (test_abma_exact_fast_equivalence.ABMAExactFastEquivalenceTests.test_01_profile_validates_and_keeps_legacy_inner_budget) ... ok
test_02_empty_route_is_exact (test_abma_exact_fast_equivalence.ABMAExactFastEquivalenceTests.test_02_empty_route_is_exact) ... ok
test_03_singleton_route_is_exact (test_abma_exact_fast_equivalence.ABMAExactFastEquivalenceTests.test_03_singleton_route_is_exact) ... ok
test_04_all_small_route_permutations_are_exact (test_abma_exact_fast_equivalence.ABMAExactFastEquivalenceTests.test_04_all_small_route_permutations_are_exact) ... ok
test_05_direction_flags_are_exact (test_abma_exact_fast_equivalence.ABMAExactFastEquivalenceTests.test_05_direction_flags_are_exact) ... ok
test_06_transition_time_and_distance_precomputation_is_exact (test_abma_exact_fast_equivalence.ABMAExactFastEquivalenceTests.test_06_transition_time_and_distance_precomputation_is_exact) ... ok
test_07_route_cache_returns_exact_same_value (test_abma_exact_fast_equivalence.ABMAExactFastEquivalenceTests.test_07_route_cache_returns_exact_same_value) ... ok
test_08_regret_insertion_order_is_exact (test_abma_exact_fast_equivalence.ABMAExactFastEquivalenceTests.test_08_regret_insertion_order_is_exact) ... ok
test_09_system_fitness_is_exact (test_abma_exact_fast_equivalence.ABMAExactFastEquivalenceTests.test_09_system_fitness_is_exact) ... ok
test_10_solution_clone_preserves_mutation_isolation (test_abma_exact_fast_equivalence.ABMAExactFastEquivalenceTests.test_10_solution_clone_preserves_mutation_isolation) ... ok
test_11_outer_candidate_and_acceptance_hashes_are_exact (test_abma_exact_fast_equivalence.ABMAExactFastEquivalenceTests.test_11_outer_candidate_and_acceptance_hashes_are_exact) ... ok
test_12_final_boundaries_routes_directions_and_metrics_are_exact (test_abma_exact_fast_equivalence.ABMAExactFastEquivalenceTests.test_12_final_boundaries_routes_directions_and_metrics_are_exact) ... ok
test_13_trace_budget_and_stop_reason_are_exact (test_abma_exact_fast_equivalence.ABMAExactFastEquivalenceTests.test_13_trace_budget_and_stop_reason_are_exact) ... ok
test_audited_quantile_and_warmup_are_deterministic (test_abma_incremental_multifidelity.ABMAIncrementalMultiFidelityTests.test_audited_quantile_and_warmup_are_deterministic) ... ok
test_csv_compacts_full_adaptive_audit_trace (test_abma_incremental_multifidelity.ABMAIncrementalMultiFidelityTests.test_csv_compacts_full_adaptive_audit_trace) ... ok
test_deterministic_replay (test_abma_incremental_multifidelity.ABMAIncrementalMultiFidelityTests.test_deterministic_replay) ... ok
test_fidelity_resume_is_monotone_and_high_certified (test_abma_incremental_multifidelity.ABMAIncrementalMultiFidelityTests.test_fidelity_resume_is_monotone_and_high_certified) ... ok
test_geometry_identity_does_not_depend_on_segment_label (test_abma_incremental_multifidelity.ABMAIncrementalMultiFidelityTests.test_geometry_identity_does_not_depend_on_segment_label) ... ok
test_gray_zone_forces_promotion (test_abma_incremental_multifidelity.ABMAIncrementalMultiFidelityTests.test_gray_zone_forces_promotion) ... ok
test_only_changed_half_is_marked_affected (test_abma_incremental_multifidelity.ABMAIncrementalMultiFidelityTests.test_only_changed_half_is_marked_affected) ... ok
test_outer_rng_is_unchanged_by_inner_promotion_depth (test_abma_incremental_multifidelity.ABMAIncrementalMultiFidelityTests.test_outer_rng_is_unchanged_by_inner_promotion_depth) ... ok
test_population_and_final_best_are_high_certified (test_abma_incremental_multifidelity.ABMAIncrementalMultiFidelityTests.test_population_and_final_best_are_high_certified) ... ok
test_each_event_assigns_every_half_task_once (test_atomic_boundary_events.AtomicBoundaryEventTests.test_each_event_assigns_every_half_task_once) ... ok
test_events_are_feasible_unique_and_constant (test_atomic_boundary_events.AtomicBoundaryEventTests.test_events_are_feasible_unique_and_constant) ... ok
test_no_event_boundary_strictly_crosses_an_atomic_weld (test_atomic_boundary_events.AtomicBoundaryEventTests.test_no_event_boundary_strictly_crosses_an_atomic_weld) ... ok
test_direction_dp_matches_direction_enumeration (test_atomic_route_evaluator.AtomicRouteEvaluatorTests.test_direction_dp_matches_direction_enumeration) ... ok
test_one_global_table_and_cache (test_atomic_route_evaluator.AtomicRouteEvaluatorTests.test_one_global_table_and_cache) ... ok
test_shared_endpoint_zero_is_bidirectional (test_atomic_route_evaluator.AtomicRouteEvaluatorTests.test_shared_endpoint_zero_is_bidirectional) ... ok
test_6_6_horizontal_becomes_six_segments_of_1_1 (test_atomic_weld_preprocessor.AtomicWeldPreprocessorTests.test_6_6_horizontal_becomes_six_segments_of_1_1) ... ok
test_exact_y6_then_long_split_and_parent_map (test_atomic_weld_preprocessor.AtomicWeldPreprocessorTests.test_exact_y6_then_long_split_and_parent_map) ... ok
test_preprocessing_is_deterministic_and_saved_instances_validate (test_atomic_weld_preprocessor.AtomicWeldPreprocessorTests.test_preprocessing_is_deterministic_and_saved_instances_validate) ... ok
test_01_empty_routes (test_collision_postprocess.CollisionPostprocessTests.test_01_empty_routes) ... ok
test_02_single_robot_route (test_collision_postprocess.CollisionPostprocessTests.test_02_single_robot_route) ... ok
test_03_known_conflict_is_detected (test_collision_postprocess.CollisionPostprocessTests.test_03_known_conflict_is_detected) ... ok
test_04_added_wait_is_nonnegative (test_collision_postprocess.CollisionPostprocessTests.test_04_added_wait_is_nonnegative) ... ok
test_05_adjusted_makespan_not_below_raw_trace_makespan (test_collision_postprocess.CollisionPostprocessTests.test_05_adjusted_makespan_not_below_raw_trace_makespan) ... ok
test_06_raw_files_are_untouched (test_collision_postprocess.CollisionPostprocessTests.test_06_raw_files_are_untouched) ... ok
test_07_deterministic_replay (test_collision_postprocess.CollisionPostprocessTests.test_07_deterministic_replay) ... ok
test_08_same_postprocess_policy_across_three_solvers (test_collision_postprocess.CollisionPostprocessTests.test_08_same_postprocess_policy_across_three_solvers) ... ok
test_09_collision_timing_is_separate (test_collision_postprocess.CollisionPostprocessTests.test_09_collision_timing_is_separate) ... ok
test_10_failure_is_explicit_and_never_claims_success (test_collision_postprocess.CollisionPostprocessTests.test_10_failure_is_explicit_and_never_claims_success) ... ok
test_exact_budget_stop (test_eprk_budget_semantics.EPRKBudgetTests.test_exact_budget_stop) ... ok
test_existing_formal_gate_remains_fail_closed (test_eprk_budget_semantics.EPRKBudgetTests.test_existing_formal_gate_remains_fail_closed) ... ok
test_phenotype_cache_hit_still_consumes_primary (test_eprk_budget_semantics.EPRKBudgetTests.test_phenotype_cache_hit_still_consumes_primary) ... ok
test_fixed_length_floor_mapping_and_complete_decode (test_eprk_decoder.EPRKDecoderTests.test_fixed_length_floor_mapping_and_complete_decode) ... ok
test_wrong_chromosome_length_fails (test_eprk_decoder.EPRKDecoderTests.test_wrong_chromosome_length_fails) ... ok
test_cached_incremental_route_reuse_equals_full_result (test_eprk_local_search.EPRKLocalSearchTests.test_cached_incremental_route_reuse_equals_full_result) ... ok
test_local_search_candidates_consume_primary_and_do_not_worsen (test_eprk_local_search.EPRKLocalSearchTests.test_local_search_candidates_consume_primary_and_do_not_worsen) ... ok
test_equal_keys_tie_break_by_atomic_id (test_eprk_random_keys.EPRKRandomKeyTests.test_equal_keys_tie_break_by_atomic_id) ... ok
test_phenotype_key_ignores_float_values_that_keep_order (test_eprk_random_keys.EPRKRandomKeyTests.test_phenotype_key_ignores_float_values_that_keep_order) ... ok
test_route_reencoding_changes_only_selected_ids (test_eprk_random_keys.EPRKRandomKeyTests.test_route_reencoding_changes_only_selected_ids) ... ok
test_same_seed_same_budget_same_solution (test_eprk_reproducibility.EPRKReproducibilityTests.test_same_seed_same_budget_same_solution) ... ok
test_five_cases_cover_four_to_eight_welds_and_are_reproducible (test_eprk_tiny_exact.EPRKTinyExactTests.test_five_cases_cover_four_to_eight_welds_and_are_reproducible) ... ok
test_different_instance_seeds_usually_differ (test_frozen_instances.FrozenInstanceTests.test_different_instance_seeds_usually_differ) ... ok
test_frozen_xlsx_roundtrip (test_frozen_instances.FrozenInstanceTests.test_frozen_xlsx_roundtrip) ... ok
test_generation_is_deterministic (test_frozen_instances.FrozenInstanceTests.test_generation_is_deterministic) ... ok
test_solver_seed_does_not_change_instance (test_frozen_instances.FrozenInstanceTests.test_solver_seed_does_not_change_instance) ... ok
test_abma_cache_hit_still_consumes_one_outer_observation (test_hga_abma_budget_regression.HGAABMABudgetRegressionTests.test_abma_cache_hit_still_consumes_one_outer_observation) ... ok
test_hga_initialization_budget_stops_exactly (test_hga_abma_budget_regression.HGAABMABudgetRegressionTests.test_hga_initialization_budget_stops_exactly) ... ok
test_hga_reports_unique_and_duplicate_complete_candidates (test_hga_abma_budget_regression.HGAABMABudgetRegressionTests.test_hga_reports_unique_and_duplicate_complete_candidates) ... ok
test_budget_and_atomic_hash (test_hga_atomic_control.HGAAtomicControlTests.test_budget_and_atomic_hash) ... ok
test_routes_match_event_assignment_and_reproducible (test_hga_atomic_control.HGAAtomicControlTests.test_routes_match_event_assignment_and_reproducible) ... ok
test_01_binary_tournament_objective_and_tie (test_hga_paper_aligned.PaperAlignedHGATest.test_01_binary_tournament_objective_and_tie) ... ok
test_02_independent_a_b_route_crossover_and_repair (test_hga_paper_aligned.PaperAlignedHGATest.test_02_independent_a_b_route_crossover_and_repair) ... ok
test_03_m1_is_critical_interroute_relocate (test_hga_paper_aligned.PaperAlignedHGATest.test_03_m1_is_critical_interroute_relocate) ... ok
test_04_m2_is_interroute_swap (test_hga_paper_aligned.PaperAlignedHGATest.test_04_m2_is_interroute_swap) ... ok
test_05_m3_is_interroute_pair_swap (test_hga_paper_aligned.PaperAlignedHGATest.test_05_m3_is_interroute_pair_swap) ... ok
test_06_m4_two_opt_order_only (test_hga_paper_aligned.PaperAlignedHGATest.test_06_m4_two_opt_order_only) ... ok
test_07_m5_m6_are_distinct_reconnections (test_hga_paper_aligned.PaperAlignedHGATest.test_07_m5_m6_are_distinct_reconnections) ... ok
test_08_all_six_use_alpha_filter (test_hga_paper_aligned.PaperAlignedHGATest.test_08_all_six_use_alpha_filter) ... ok
test_09_vnd_restart_and_bounded_budget (test_hga_paper_aligned.PaperAlignedHGATest.test_09_vnd_restart_and_bounded_budget) ... ok
test_10_route_hamming_ignores_boundary_only (test_hga_paper_aligned.PaperAlignedHGATest.test_10_route_hamming_ignores_boundary_only) ... ok
test_11_biased_fitness_uses_both_ranks_and_best_survives (test_hga_paper_aligned.PaperAlignedHGATest.test_11_biased_fitness_uses_both_ranks_and_best_survives) ... ok
test_12_incremental_pool_can_select_new_child (test_hga_paper_aligned.PaperAlignedHGATest.test_12_incremental_pool_can_select_new_child) ... ok
test_13_frozen_project_feasibility_and_hash (test_hga_paper_aligned.PaperAlignedHGATest.test_13_frozen_project_feasibility_and_hash) ... ok
test_14_reproducibility (test_hga_paper_aligned.PaperAlignedHGATest.test_14_reproducibility) ... ok
test_15_ablation_switches_disable_mechanisms (test_hga_paper_aligned.PaperAlignedHGATest.test_15_ablation_switches_disable_mechanisms) ... ok
test_16_mutation_is_separated (test_hga_paper_aligned.PaperAlignedHGATest.test_16_mutation_is_separated) ... ok
test_17_full_and_bounded_vnd_are_distinct (test_hga_paper_aligned.PaperAlignedHGATest.test_17_full_and_bounded_vnd_are_distinct) ... ok
test_18_final_rank_is_real_or_null (test_hga_paper_aligned.PaperAlignedHGATest.test_18_final_rank_is_real_or_null) ... ok
test_19_full_subweld_hamming_identity (test_hga_paper_aligned.PaperAlignedHGATest.test_19_full_subweld_hamming_identity) ... ok
test_20_fallback_defaults_and_explicit_switches (test_hga_paper_aligned.PaperAlignedHGATest.test_20_fallback_defaults_and_explicit_switches) ... ok
test_21_operator_feasible_rates (test_hga_paper_aligned.PaperAlignedHGATest.test_21_operator_feasible_rates) ... ok
test_22_config_load_override_hash_and_deprecated_mutation (test_hga_paper_aligned.PaperAlignedHGATest.test_22_config_load_override_hash_and_deprecated_mutation) ... Warning: --mutation-rate is deprecated; it maps only to --boundary-mutation-rate. Route mutation remains unchanged.
ok
test_23_decode_repair_after_boundary_change (test_hga_paper_aligned.PaperAlignedHGATest.test_23_decode_repair_after_boundary_change) ... ok
test_24_candidate_list_is_deterministic_and_bounded (test_hga_paper_aligned.PaperAlignedHGATest.test_24_candidate_list_is_deterministic_and_bounded) ... ok
test_25_route_cache_identity_includes_current_geometry (test_hga_paper_aligned.PaperAlignedHGATest.test_25_route_cache_identity_includes_current_geometry) ... ok
test_26_assignment_uniqueness_and_length_conservation (test_hga_paper_aligned.PaperAlignedHGATest.test_26_assignment_uniqueness_and_length_conservation) ... ok
test_27_budget_exhaustion_during_initialization_closes_cleanly (test_hga_paper_aligned.PaperAlignedHGATest.test_27_budget_exhaustion_during_initialization_closes_cleanly) ... ok
test_abma_shared_path (test_objective_normalization.FourSolverObjectiveConsistencyTests.test_abma_shared_path) ... ok
test_ga_and_de_shared_path (test_objective_normalization.FourSolverObjectiveConsistencyTests.test_ga_and_de_shared_path) ... ok
test_hga_shared_path (test_objective_normalization.FourSolverObjectiveConsistencyTests.test_hga_shared_path) ... ok
test_01_public_module_has_no_solver_import (test_objective_normalization.ObjectiveNormalizationTests.test_01_public_module_has_no_solver_import) ... ok
test_02_theoretical_ideal (test_objective_normalization.ObjectiveNormalizationTests.test_02_theoretical_ideal) ... ok
test_03_baseline_algorithm_and_feasibility (test_objective_normalization.ObjectiveNormalizationTests.test_03_baseline_algorithm_and_feasibility) ... ok
test_04_input_order_insensitive (test_objective_normalization.ObjectiveNormalizationTests.test_04_input_order_insensitive) ... ok
test_05_repeatability (test_objective_normalization.ObjectiveNormalizationTests.test_05_repeatability) ... ok
test_06_positive_finite_scales (test_objective_normalization.ObjectiveNormalizationTests.test_06_positive_finite_scales) ... ok
test_07_weights_nonnegative_sum_one (test_objective_normalization.ObjectiveNormalizationTests.test_07_weights_nonnegative_sum_one) ... ok
test_08_ideal_maps_to_zero (test_objective_normalization.ObjectiveNormalizationTests.test_08_ideal_maps_to_zero) ... ok
test_09_baseline_maps_by_declared_scale (test_objective_normalization.ObjectiveNormalizationTests.test_09_baseline_maps_by_declared_scale) ... ok
test_10_no_upper_clipping (test_objective_normalization.ObjectiveNormalizationTests.test_10_no_upper_clipping) ... ok
test_11_tiny_negative_tolerance_zeroed (test_objective_normalization.ObjectiveNormalizationTests.test_11_tiny_negative_tolerance_zeroed) ... ok
test_12_clearly_below_ideal_rejected (test_objective_normalization.ObjectiveNormalizationTests.test_12_clearly_below_ideal_rejected) ... ok
test_13_invalid_scale_rejected (test_objective_normalization.ObjectiveNormalizationTests.test_13_invalid_scale_rejected) ... ok
test_14_hash_detects_tampering (test_objective_normalization.ObjectiveNormalizationTests.test_14_hash_detects_tampering) ... ok
test_15_weighted_objective_matches_components (test_objective_normalization.ObjectiveNormalizationTests.test_15_weighted_objective_matches_components) ... ok
test_abma_cache_hit_remains_an_outer_objective_observation (test_solver_output_metrics.SolverOutputMetricTests.test_abma_cache_hit_remains_an_outer_objective_observation) ... ok
test_all_four_solvers_use_standard_builder (test_solver_output_metrics.SolverOutputMetricTests.test_all_four_solvers_use_standard_builder) ... ok
test_collision_adjusted_does_not_replace_original (test_solver_output_metrics.SolverOutputMetricTests.test_collision_adjusted_does_not_replace_original) ... ok
test_empty_routes_are_all_zero (test_solver_output_metrics.SolverOutputMetricTests.test_empty_routes_are_all_zero) ... ok
test_flattened_csv_fields (test_solver_output_metrics.SolverOutputMetricTests.test_flattened_csv_fields) ... ok
test_four_robot_schema_and_types (test_solver_output_metrics.SolverOutputMetricTests.test_four_robot_schema_and_types) ... ok
test_legacy_metrics_aliases_still_parse (test_solver_output_metrics.SolverOutputMetricTests.test_legacy_metrics_aliases_still_parse) ... ok
test_robot_time_identity (test_solver_output_metrics.SolverOutputMetricTests.test_robot_time_identity) ... ok
test_route_and_direction_lengths_must_match (test_solver_output_metrics.SolverOutputMetricTests.test_route_and_direction_lengths_must_match) ... ok
test_runner_independent_reconstruction (test_solver_output_metrics.SolverOutputMetricTests.test_runner_independent_reconstruction) ... ok
test_runtime_names_are_separate (test_solver_output_metrics.SolverOutputMetricTests.test_runtime_names_are_separate) ... ok
test_system_aggregation_and_load_range (test_solver_output_metrics.SolverOutputMetricTests.test_system_aggregation_and_load_range) ... ok
test_three_stage_idle_distance_includes_vertical (test_solver_output_metrics.SolverOutputMetricTests.test_three_stage_idle_distance_includes_vertical) ... ok
test_ablation_remains_legacy (test_unified_protocol_v2.UnifiedProtocolV2Tests.test_ablation_remains_legacy) ... ok
test_formal_still_fail_closed (test_unified_protocol_v2.UnifiedProtocolV2Tests.test_formal_still_fail_closed) ... ok
test_formal_summary_excludes_old_mode_and_protocol (test_unified_protocol_v2.UnifiedProtocolV2Tests.test_formal_summary_excludes_old_mode_and_protocol) ... ok
test_frozen_abma_profile_and_official_command (test_unified_protocol_v2.UnifiedProtocolV2Tests.test_frozen_abma_profile_and_official_command) ... ok
test_historical_stage_states_are_snapshots_not_current_authority (test_unified_protocol_v2.UnifiedProtocolV2Tests.test_historical_stage_states_are_snapshots_not_current_authority) ... ok
test_official_commands_have_ranges_and_no_refs (test_unified_protocol_v2.UnifiedProtocolV2Tests.test_official_commands_have_ranges_and_no_refs) ... ok
test_official_solver_set_excludes_de_lkh (test_unified_protocol_v2.UnifiedProtocolV2Tests.test_official_solver_set_excludes_de_lkh) ... ok
test_old_protocol_version_excluded (test_unified_protocol_v2.UnifiedProtocolV2Tests.test_old_protocol_version_excluded) ... ok
test_protocol_recomputes_cleanly (test_unified_protocol_v2.UnifiedProtocolV2Tests.test_protocol_recomputes_cleanly) ... FAIL
test_resume_requires_matching_protocol_source_and_command (test_unified_protocol_v2.UnifiedProtocolV2Tests.test_resume_requires_matching_protocol_source_and_command) ... ok
test_scale_preflight_is_three_solver_seed42_budget2000_only (test_unified_protocol_v2.UnifiedProtocolV2Tests.test_scale_preflight_is_three_solver_seed42_budget2000_only) ... ok
test_tampered_scale_and_hash_rejected (test_unified_protocol_v2.UnifiedProtocolV2Tests.test_tampered_scale_and_hash_rejected) ... ok
test_three_solver_pilot_and_formal_matrices_never_emit_de (test_unified_protocol_v2.UnifiedProtocolV2Tests.test_three_solver_pilot_and_formal_matrices_never_emit_de) ... ok

======================================================================
FAIL: test_protocol_recomputes_cleanly (test_unified_protocol_v2.UnifiedProtocolV2Tests.test_protocol_recomputes_cleanly)
----------------------------------------------------------------------
Traceback (most recent call last):
  File "D:\pybullet_test\MRTA_GA\test_unified_protocol_v2.py", line 22, in test_protocol_recomputes_cleanly
    self.assertEqual(runner.validate_protocol(self.protocol, self.path, Path(folder) / "out"), [])
    ~~~~~~~~~~~~~~~~^^^^^^^^^^^^^^^^^^^^^^^^^^^^^^^^^^^^^^^^^^^^^^^^^^^^^^^^^^^^^^^^^^^^^^^^^^^^^^
AssertionError: Lists differ: ['w30: normalization spec hash mismatch', [253 chars]tch'] != []

First list contains 6 additional elements.
First extra element 0:
'w30: normalization spec hash mismatch'

+ []
- ['w30: normalization spec hash mismatch',
-  'w30: normalization values or baseline evidence mismatch',
-  'w45: normalization spec hash mismatch',
-  'w45: normalization values or baseline evidence mismatch',
-  'w60: normalization spec hash mismatch',
-  'w60: normalization values or baseline evidence mismatch']

----------------------------------------------------------------------
Ran 133 tests in 15.540s

FAILED (failures=1)
